// Jest Snapshot v1, https://goo.gl/fbAQLP

exports[`BookDetails should match the snapshot with correct data passed in 1`] = `
<div
  className="BookDetails"
>
  <img
    alt="The Hell of Incessant Testing"
    src="http://www.davidgitlen.com/author.png"
  />
  <div
    className="bookInfo"
  >
    <h2>
      The Hell of Incessant Testing
    </h2>
    <h3>
      David Gitlen
    </h3>
    <p>
      Memoir
       
    </p>
  </div>
  <div
    className="description"
  >
    <p>
      Chilling true tales from the basement of the Guaranty Bank building!
    </p>
  </div>
</div>
`;
